
> piano-ml@2.0.2 prestart
> npm run generate:api


> piano-ml@2.0.2 generate:api
> openapi-generator-cli generate -i ../openapi/api.yaml -g typescript-angular -o src/app/core/api --additional-properties=ngVersion=17.0.0

[main] INFO  o.o.codegen.DefaultGenerator - Generating with dryRun=false
[main] INFO  o.o.codegen.DefaultGenerator - OpenAPI Generator: typescript-angular (client)
[main] INFO  o.o.codegen.DefaultGenerator - Generator 'typescript-angular' is considered stable.
[main] INFO  o.o.c.l.AbstractTypeScriptClientCodegen - Hint: Environment variable 'TS_POST_PROCESS_FILE' (optional) not defined. E.g. to format the source code, please try 'export TS_POST_PROCESS_FILE="/usr/local/bin/prettier --write"' (Linux/Mac)
[main] INFO  o.o.c.l.AbstractTypeScriptClientCodegen - Note: To enable file post-processing, 'enablePostProcessFile' must be set to `true` (--enable-post-process-file for CLI).
[main] INFO  o.o.codegen.InlineModelResolver - Inline schema created as _account_login_post_request. To have complete control of the model name, set the `title` field or use the modelNameMapping option (e.g. --model-name-mappings _account_login_post_request=NewModel,ModelA=NewModelA in CLI) or inlineSchemaNameMapping option (--inline-schema-name-mappings _account_login_post_request=NewModel,ModelA=NewModelA in CLI).
[main] INFO  o.o.codegen.InlineModelResolver - Inline schema created as _account_login_post_200_response. To have complete control of the model name, set the `title` field or use the modelNameMapping option (e.g. --model-name-mappings _account_login_post_200_response=NewModel,ModelA=NewModelA in CLI) or inlineSchemaNameMapping option (--inline-schema-name-mappings _account_login_post_200_response=NewModel,ModelA=NewModelA in CLI).
[main] INFO  o.o.codegen.InlineModelResolver - Inline schema created as accountCreatePost_request. To have complete control of the model name, set the `title` field or use the modelNameMapping option (e.g. --model-name-mappings accountCreatePost_request=NewModel,ModelA=NewModelA in CLI) or inlineSchemaNameMapping option (--inline-schema-name-mappings accountCreatePost_request=NewModel,ModelA=NewModelA in CLI).
[main] INFO  o.o.codegen.InlineModelResolver - Inline schema created as accountPasswordResetPost_request. To have complete control of the model name, set the `title` field or use the modelNameMapping option (e.g. --model-name-mappings accountPasswordResetPost_request=NewModel,ModelA=NewModelA in CLI) or inlineSchemaNameMapping option (--inline-schema-name-mappings accountPasswordResetPost_request=NewModel,ModelA=NewModelA in CLI).
[main] INFO  o.o.codegen.InlineModelResolver - Inline schema created as accountTokenRenewGet_200_response. To have complete control of the model name, set the `title` field or use the modelNameMapping option (e.g. --model-name-mappings accountTokenRenewGet_200_response=NewModel,ModelA=NewModelA in CLI) or inlineSchemaNameMapping option (--inline-schema-name-mappings accountTokenRenewGet_200_response=NewModel,ModelA=NewModelA in CLI).
[main] INFO  o.o.codegen.InlineModelResolver - Inline schema created as scoreStatsGet_200_response. To have complete control of the model name, set the `title` field or use the modelNameMapping option (e.g. --model-name-mappings scoreStatsGet_200_response=NewModel,ModelA=NewModelA in CLI) or inlineSchemaNameMapping option (--inline-schema-name-mappings scoreStatsGet_200_response=NewModel,ModelA=NewModelA in CLI).
[main] INFO  o.o.codegen.InlineModelResolver - Inline schema created as scorePlayStatsPost_request_assessment. To have complete control of the model name, set the `title` field or use the modelNameMapping option (e.g. --model-name-mappings scorePlayStatsPost_request_assessment=NewModel,ModelA=NewModelA in CLI) or inlineSchemaNameMapping option (--inline-schema-name-mappings scorePlayStatsPost_request_assessment=NewModel,ModelA=NewModelA in CLI).
[main] INFO  o.o.codegen.InlineModelResolver - Inline schema created as scorePlayStatsPost_request. To have complete control of the model name, set the `title` field or use the modelNameMapping option (e.g. --model-name-mappings scorePlayStatsPost_request=NewModel,ModelA=NewModelA in CLI) or inlineSchemaNameMapping option (--inline-schema-name-mappings scorePlayStatsPost_request=NewModel,ModelA=NewModelA in CLI).
[main] INFO  o.o.codegen.InlineModelResolver - Inline schema created as scoreGenreBrowseGet_200_response_inner. To have complete control of the model name, set the `title` field or use the modelNameMapping option (e.g. --model-name-mappings scoreGenreBrowseGet_200_response_inner=NewModel,ModelA=NewModelA in CLI) or inlineSchemaNameMapping option (--inline-schema-name-mappings scoreGenreBrowseGet_200_response_inner=NewModel,ModelA=NewModelA in CLI).
[main] INFO  o.o.codegen.InlineModelResolver - Inline schema created as MusicBrainzService_life_span. To have complete control of the model name, set the `title` field or use the modelNameMapping option (e.g. --model-name-mappings MusicBrainzService_life_span=NewModel,ModelA=NewModelA in CLI) or inlineSchemaNameMapping option (--inline-schema-name-mappings MusicBrainzService_life_span=NewModel,ModelA=NewModelA in CLI).
[main] INFO  o.o.codegen.InlineModelResolver - Inline schema created as AllWorksApiInfo_works_inner_relations_inner_artist. To have complete control of the model name, set the `title` field or use the modelNameMapping option (e.g. --model-name-mappings AllWorksApiInfo_works_inner_relations_inner_artist=NewModel,ModelA=NewModelA in CLI) or inlineSchemaNameMapping option (--inline-schema-name-mappings AllWorksApiInfo_works_inner_relations_inner_artist=NewModel,ModelA=NewModelA in CLI).
[main] INFO  o.o.codegen.InlineModelResolver - Inline schema created as AllWorksApiInfo_works_inner_relations_inner. To have complete control of the model name, set the `title` field or use the modelNameMapping option (e.g. --model-name-mappings AllWorksApiInfo_works_inner_relations_inner=NewModel,ModelA=NewModelA in CLI) or inlineSchemaNameMapping option (--inline-schema-name-mappings AllWorksApiInfo_works_inner_relations_inner=NewModel,ModelA=NewModelA in CLI).
[main] INFO  o.o.codegen.InlineModelResolver - Inline schema created as AllWorksApiInfo_works_inner. To have complete control of the model name, set the `title` field or use the modelNameMapping option (e.g. --model-name-mappings AllWorksApiInfo_works_inner=NewModel,ModelA=NewModelA in CLI) or inlineSchemaNameMapping option (--inline-schema-name-mappings AllWorksApiInfo_works_inner=NewModel,ModelA=NewModelA in CLI).
[main] INFO  o.o.codegen.InlineModelResolver - Inline schema created as ErrorApiInfo_error. To have complete control of the model name, set the `title` field or use the modelNameMapping option (e.g. --model-name-mappings ErrorApiInfo_error=NewModel,ModelA=NewModelA in CLI) or inlineSchemaNameMapping option (--inline-schema-name-mappings ErrorApiInfo_error=NewModel,ModelA=NewModelA in CLI).
[main] INFO  o.o.codegen.TemplateManager - writing file /app/frontend/src/app/core/api/model/./accountCreatePostRequest.ts
[main] INFO  o.o.codegen.TemplateManager - writing file /app/frontend/src/app/core/api/model/./accountLoginPost200Response.ts
[main] INFO  o.o.codegen.TemplateManager - writing file /app/frontend/src/app/core/api/model/./accountLoginPostRequest.ts
[main] INFO  o.o.codegen.TemplateManager - writing file /app/frontend/src/app/core/api/model/./accountPasswordResetPostRequest.ts
[main] INFO  o.o.codegen.TemplateManager - writing file /app/frontend/src/app/core/api/model/./accountTokenRenewGet200Response.ts
[main] INFO  o.o.codegen.TemplateManager - writing file /app/frontend/src/app/core/api/model/./allWorksApiInfo.ts
[main] INFO  o.o.codegen.TemplateManager - writing file /app/frontend/src/app/core/api/model/./allWorksApiInfoWorksInner.ts
[main] INFO  o.o.codegen.TemplateManager - writing file /app/frontend/src/app/core/api/model/./allWorksApiInfoWorksInnerRelationsInner.ts
[main] INFO  o.o.codegen.TemplateManager - writing file /app/frontend/src/app/core/api/model/./allWorksApiInfoWorksInnerRelationsInnerArtist.ts
[main] INFO  o.o.codegen.TemplateManager - writing file /app/frontend/src/app/core/api/model/./authorApiInfo.ts
[main] INFO  o.o.codegen.TemplateManager - writing file /app/frontend/src/app/core/api/model/./authorWithScoreCount.ts
[main] INFO  o.o.codegen.TemplateManager - writing file /app/frontend/src/app/core/api/model/./errorApiInfo.ts
[main] INFO  o.o.codegen.TemplateManager - writing file /app/frontend/src/app/core/api/model/./errorApiInfoError.ts
[main] INFO  o.o.codegen.TemplateManager - writing file /app/frontend/src/app/core/api/model/./genreApiInfo.ts
[main] INFO  o.o.codegen.TemplateManager - writing file /app/frontend/src/app/core/api/model/./genreTreeNode.ts
[main] INFO  o.o.codegen.TemplateManager - writing file /app/frontend/src/app/core/api/model/./genreTreeUpdate.ts
[main] INFO  o.o.codegen.TemplateManager - writing file /app/frontend/src/app/core/api/model/./harmonyEntry.ts
[main] INFO  o.o.codegen.TemplateManager - writing file /app/frontend/src/app/core/api/model/./mbAuthorApiInfo.ts
[main] INFO  o.o.codegen.TemplateManager - writing file /app/frontend/src/app/core/api/model/./musicBrainzService.ts
[main] INFO  o.o.codegen.TemplateManager - writing file /app/frontend/src/app/core/api/model/./musicBrainzServiceLifeSpan.ts
[main] INFO  o.o.codegen.TemplateManager - writing file /app/frontend/src/app/core/api/model/./scoreApiInfo.ts
[main] INFO  o.o.codegen.TemplateManager - writing file /app/frontend/src/app/core/api/model/./scoreGenreBrowseGet200ResponseInner.ts
[main] INFO  o.o.codegen.TemplateManager - writing file /app/frontend/src/app/core/api/model/./scorePlayStatsPostRequest.ts
[main] INFO  o.o.codegen.TemplateManager - writing file /app/frontend/src/app/core/api/model/./scorePlayStatsPostRequestAssessment.ts
[main] INFO  o.o.codegen.TemplateManager - writing file /app/frontend/src/app/core/api/model/./scoreStatsGet200Response.ts
[main] INFO  o.o.codegen.TemplateManager - writing file /app/frontend/src/app/core/api/model/./userApiInfo.ts
[main] INFO  o.o.codegen.TemplateManager - writing file /app/frontend/src/app/core/api/model/./workloadApiInfo.ts
[main] INFO  o.o.codegen.TemplateManager - writing file /app/frontend/src/app/core/api/model/./youtubeLink.ts
[main] WARN  o.o.codegen.DefaultCodegen - Empty operationId found for path: post /account/login. Renamed to auto-generated operationId: accountLoginPost
[main] WARN  o.o.codegen.utils.ExamplesUtils - No application/json content media type found in response. Response examples can currently only be generated for application/json media type.
[main] WARN  o.o.codegen.DefaultCodegen - Empty operationId found for path: get /genre_tree. Renamed to auto-generated operationId: genre_treeGet
[main] INFO  o.o.codegen.TemplateManager - writing file /app/frontend/src/app/core/api/api/account.service.ts
[main] INFO  o.o.codegen.TemplateManager - writing file /app/frontend/src/app/core/api/api/author.service.ts
[main] INFO  o.o.codegen.TemplateManager - writing file /app/frontend/src/app/core/api/api/genre.service.ts
[main] INFO  o.o.codegen.TemplateManager - writing file /app/frontend/src/app/core/api/api/genreTree.service.ts
[main] INFO  o.o.codegen.TemplateManager - writing file /app/frontend/src/app/core/api/api/musicbrainz.service.ts
[main] INFO  o.o.codegen.TemplateManager - writing file /app/frontend/src/app/core/api/api/score.service.ts
[main] INFO  o.o.codegen.TemplateManager - writing file /app/frontend/src/app/core/api/api/workload.service.ts
[main] INFO  o.o.codegen.TemplateManager - writing file /app/frontend/src/app/core/api/model/models.ts
[main] INFO  o.o.codegen.TemplateManager - writing file /app/frontend/src/app/core/api/api/api.ts
[main] INFO  o.o.codegen.TemplateManager - writing file /app/frontend/src/app/core/api/index.ts
[main] INFO  o.o.codegen.TemplateManager - writing file /app/frontend/src/app/core/api/api.module.ts
[main] INFO  o.o.codegen.TemplateManager - writing file /app/frontend/src/app/core/api/provide-api.ts
[main] INFO  o.o.codegen.TemplateManager - writing file /app/frontend/src/app/core/api/configuration.ts
[main] INFO  o.o.codegen.TemplateManager - writing file /app/frontend/src/app/core/api/api.base.service.ts
[main] INFO  o.o.codegen.TemplateManager - writing file /app/frontend/src/app/core/api/variables.ts
[main] INFO  o.o.codegen.TemplateManager - writing file /app/frontend/src/app/core/api/encoder.ts
[main] INFO  o.o.codegen.TemplateManager - writing file /app/frontend/src/app/core/api/param.ts
[main] INFO  o.o.codegen.TemplateManager - writing file /app/frontend/src/app/core/api/.gitignore
[main] INFO  o.o.codegen.TemplateManager - writing file /app/frontend/src/app/core/api/git_push.sh
[main] INFO  o.o.codegen.TemplateManager - writing file /app/frontend/src/app/core/api/README.md
[main] INFO  o.o.codegen.TemplateManager - Skipped /app/frontend/src/app/core/api/.openapi-generator-ignore (Skipped by supportingFiles options supplied by user.)
[main] INFO  o.o.codegen.TemplateManager - writing file /app/frontend/src/app/core/api/.openapi-generator/VERSION
[main] INFO  o.o.codegen.TemplateManager - writing file /app/frontend/src/app/core/api/.openapi-generator/FILES
############################################################################################
# Thanks for using OpenAPI Generator.                                                      #
# We appreciate your support! Please consider donation to help us maintain this project.   #
# https://opencollective.com/openapi_generator/donate                                      #
############################################################################################

> piano-ml@2.0.2 start
> BASE_PATH='http://localhost:8080' ng serve --proxy-config proxy.conf.json

❯ Building...
✔ Building...
Browser bundles
Initial chunk files  | Names                |  Raw size
main.js              | main                 | 137.19 kB |
styles.css           | styles               |  71.08 kB |
chunk-F6TCGRLD.js    | -                    |  49.40 kB |
chunk-4B3Y7WPC.js    | -                    |  39.20 kB |
chunk-HAM6CS4K.js    | -                    |   6.33 kB |
chunk-EVSPGG2W.js    | -                    |   1.64 kB |
polyfills.js         | polyfills            |  95 bytes |

                     | Initial total        | 304.93 kB

Lazy chunk files     | Names                |  Raw size
chunk-LR2XB43O.js    | desktop-module       | 361.12 kB |
chunk-ZF273HVK.js    | library-module       | 195.25 kB |
chunk-FM3PZVGR.js    | import-module        | 182.97 kB |
chunk-5R5IUKJA.js    | account-module       | 142.21 kB |
chunk-HRPEXL3P.js    | home-module          | 138.12 kB |
chunk-7S4FEO4Y.js    | -                    | 135.66 kB |
chunk-VPKDLBGT.js    | -                    | 121.29 kB |
chunk-T4GJDR5D.js    | exercises-module     | 114.53 kB |
chunk-KG5YUJCV.js    | score-info-component |  48.57 kB |
chunk-WN3526RP.js    | -                    |  29.97 kB |
chunk-CFKOC5XS.js    | -                    |  21.90 kB |
chunk-PMZ7EYAV.js    | blog-module          |  21.75 kB |
chunk-BSSGCH3F.js    | -                    |  16.14 kB |
chunk-TX5X3FN5.js    | -                    |   4.63 kB |
chunk-AOHW4U4U.js    | error-component      |   4.26 kB |
...and 2 more lazy chunks files. Use "--verbose" to show all the files.


Server bundles
Initial chunk files  | Names                |  Raw size
main.server.mjs      | main.server          | 139.71 kB |
chunk-H4AAPKB4.mjs   | -                    |  49.43 kB |
chunk-MHYHXALL.mjs   | -                    |  39.23 kB |
chunk-SEINOXSH.mjs   | -                    |   6.36 kB |
server.mjs           | server               |   2.40 kB |
chunk-3ODA65P6.mjs   | -                    |   1.67 kB |
polyfills.server.mjs | polyfills.server     | 291 bytes |

Lazy chunk files     | Names                |  Raw size
chunk-KB4KWF4N.mjs   | desktop-module       | 361.16 kB |
chunk-V2LAGUHB.mjs   | library-module       | 195.28 kB |
chunk-PFTZUZ5T.mjs   | import-module        | 183.01 kB |
chunk-MV23F6GK.mjs   | account-module       | 142.25 kB |
chunk-26U73BAV.mjs   | home-module          | 138.16 kB |
chunk-SA3RLUXN.mjs   | -                    | 135.70 kB |
chunk-RGYDDVMX.mjs   | -                    | 121.32 kB |
chunk-XP3EDLQX.mjs   | exercises-module     | 114.57 kB |
chunk-UFKGSSUG.mjs   | score-info-component |  48.61 kB |
chunk-EEPIVQUH.mjs   | -                    |  30.00 kB |
chunk-J6MC4BHY.mjs   | -                    |  21.94 kB |
chunk-2SXBWYST.mjs   | blog-module          |  21.79 kB |
chunk-DL5OLNXQ.mjs   | -                    |  16.17 kB |
chunk-BQ6VYV7D.mjs   | -                    |   4.67 kB |
chunk-WEXLM2R6.mjs   | error-component      |   4.30 kB |
...and 2 more lazy chunks files. Use "--verbose" to show all the files.

Application bundle generation complete. [20.410 seconds] - 2026-04-16T20:06:59.860Z

[33m▲ [43;33m[[43;30mWARNING[43;33m][0m [1mNG8107: NG8107: The left side of this optional chain operation does not include 'null' or 'undefined' in its type, therefore the '?.' operator can be replaced with the '.' operator. Find more at https://v21.angular.dev/extended-diagnostics/NG8107[0m [1m[35m[plugin angular-compiler][0m

    src/app/account/components/edit-score/edit-score.component.html:4:32:
[37m      4 │   <h1 class="sr-only">{{ score?.[32mtitle[37m }} by {{ score?.author }} - P...
        ╵                                 [32m~~~~~[0m

  Warning occurs in the template of component EditScoreComponent.

    src/app/account/components/edit-score/edit-score.component.ts:14:15:
[37m      14 │   templateUrl: [32m'./edit-score.component.html'[37m,
         ╵                [32m~~~~~~~~~~~~~~~~~~~~~~~~~~~~~[0m


[33m▲ [43;33m[[43;30mWARNING[43;33m][0m [1mNG8107: NG8107: The left side of this optional chain operation does not include 'null' or 'undefined' in its type, therefore the '?.' operator can be replaced with the '.' operator. Find more at https://v21.angular.dev/extended-diagnostics/NG8107[0m [1m[35m[plugin angular-compiler][0m

    src/app/account/components/edit-score/edit-score.component.html:4:54:
[37m      4 │ ...-only">{{ score?.title }} by {{ score?.[32mauthor[37m }} - Piano Score</h1>
        ╵                                           [32m~~~~~~[0m

  Warning occurs in the template of component EditScoreComponent.

    src/app/account/components/edit-score/edit-score.component.ts:14:15:
[37m      14 │   templateUrl: [32m'./edit-score.component.html'[37m,
         ╵                [32m~~~~~~~~~~~~~~~~~~~~~~~~~~~~~[0m


Watch mode enabled. Watching for file changes...
NOTE: Raw file sizes do not reflect development server per-request transformations.
  ➜  Local:   http://localhost:4200/
Node Express server started
request / [Function: status]
[ROUTER SERVER EVENT] NavigationStart {
  id: 1,
  url: '/',
  type: 0,
  navigationTrigger: 'imperative',
  restoredState: null
}
[ROUTER SERVER] NavigationStart trigger: imperative restoredState: null
[ROUTER SERVER] url: /
[ROUTER SERVER EVENT] RouteConfigLoadStart {
  route: {
    component: [class _LayoutComponent] {
      'ɵfac': [Function: LayoutComponent_Factory],
      'ɵcmp': [Object],
      decorators: [Array],
      ctorParameters: [Function (anonymous)]
    },
    path: '',
    loadChildren: [Function: loadChildren],
    data: { breadcrumb: 'Home' },
    'ɵentryName': 'src/app/home/home.module.ts'
  },
  type: 9
}
[ROUTER SERVER EVENT] RouteConfigLoadEnd {
  route: {
    component: [class _LayoutComponent] {
      'ɵfac': [Function: LayoutComponent_Factory],
      'ɵcmp': [Object],
      decorators: [Array],
      ctorParameters: [Function (anonymous)]
    },
    path: '',
    loadChildren: [Function: loadChildren],
    data: { breadcrumb: 'Home' },
    'ɵentryName': 'src/app/home/home.module.ts'
  },
  type: 10
}
[ROUTER SERVER EVENT] RoutesRecognized {
  id: 1,
  url: '/',
  urlAfterRedirects: '/',
  state: RouterStateSnapshot {
    _root: TreeNode { value: [ActivatedRouteSnapshot], children: [Array] },
    url: '/'
  },
  type: 4
}
[ROUTER SERVER] url: /
[ROUTER SERVER] urlAfterRedirects: /
[ROUTER SERVER EVENT] GuardsCheckStart {
  id: 1,
  url: '/',
  urlAfterRedirects: '/',
  state: RouterStateSnapshot {
    _root: TreeNode { value: [ActivatedRouteSnapshot], children: [Array] },
    url: '/'
  },
  type: 7
}
[ROUTER SERVER] url: /
[ROUTER SERVER] urlAfterRedirects: /
[ROUTER SERVER EVENT] ChildActivationStart {
  snapshot: ActivatedRouteSnapshot {
    url: [],
    params: {},
    queryParams: {},
    fragment: null,
    data: {},
    outlet: 'primary',
    component: null,
    routeConfig: null,
    _resolve: {},
    _resolvedData: undefined,
    _routerState: RouterStateSnapshot { _root: [TreeNode], url: '/' },
    _paramMap: undefined,
    _queryParamMap: undefined,
    _environmentInjector: R3Injector {
      parent: [R3Injector],
      source: 'Environment Injector',
      scopes: [Set],
      records: [Map],
      _ngOnDestroyHooks: [Set],
      _onDestroyHooks: [Array],
      _destroyed: false,
      injectorDefTypes: Set(0) {}
    }
  },
  type: 11
}
[ROUTER SERVER EVENT] ActivationStart {
  snapshot: ActivatedRouteSnapshot {
    url: [],
    params: {},
    queryParams: {},
    fragment: null,
    data: { breadcrumb: 'Home' },
    outlet: 'primary',
    component: [class _LayoutComponent] {
      'ɵfac': [Function: LayoutComponent_Factory],
      'ɵcmp': [Object],
      decorators: [Array],
      ctorParameters: [Function (anonymous)]
    },
    routeConfig: {
      component: [Function],
      path: '',
      loadChildren: [Function: loadChildren],
      data: [Object],
      'ɵentryName': 'src/app/home/home.module.ts',
      _loadedRoutes: [Array],
      _loadedInjector: [R3Injector],
      _loadedNgModuleFactory: [NgModuleFactory2]
    },
    _resolve: {},
    _resolvedData: undefined,
    _routerState: RouterStateSnapshot { _root: [TreeNode], url: '/' },
    _paramMap: undefined,
    _queryParamMap: undefined,
    _environmentInjector: R3Injector {
      parent: [R3Injector],
      source: 'Environment Injector',
      scopes: [Set],
      records: [Map],
      _ngOnDestroyHooks: [Set],
      _onDestroyHooks: [Array],
      _destroyed: false,
      injectorDefTypes: Set(0) {}
    }
  },
  type: 13
}
[ROUTER SERVER EVENT] ChildActivationStart {
  snapshot: ActivatedRouteSnapshot {
    url: [],
    params: {},
    queryParams: {},
    fragment: null,
    data: { breadcrumb: 'Home' },
    outlet: 'primary',
    component: [class _LayoutComponent] {
      'ɵfac': [Function: LayoutComponent_Factory],
      'ɵcmp': [Object],
      decorators: [Array],
      ctorParameters: [Function (anonymous)]
    },
    routeConfig: {
      component: [Function],
      path: '',
      loadChildren: [Function: loadChildren],
      data: [Object],
      'ɵentryName': 'src/app/home/home.module.ts',
      _loadedRoutes: [Array],
      _loadedInjector: [R3Injector],
      _loadedNgModuleFactory: [NgModuleFactory2]
    },
    _resolve: {},
    _resolvedData: undefined,
    _routerState: RouterStateSnapshot { _root: [TreeNode], url: '/' },
    _paramMap: undefined,
    _queryParamMap: undefined,
    _environmentInjector: R3Injector {
      parent: [R3Injector],
      source: 'Environment Injector',
      scopes: [Set],
      records: [Map],
      _ngOnDestroyHooks: [Set],
      _onDestroyHooks: [Array],
      _destroyed: false,
      injectorDefTypes: Set(0) {}
    }
  },
  type: 11
}
[ROUTER SERVER EVENT] ActivationStart {
  snapshot: ActivatedRouteSnapshot {
    url: [],
    params: {},
    queryParams: {},
    fragment: null,
    data: { breadcrumb: 'Home' },
    outlet: 'primary',
    component: [class _HomeComponent] {
      'ɵfac': [Function: HomeComponent_Factory],
      'ɵcmp': [Object],
      decorators: [Array],
      ctorParameters: [Function (anonymous)]
    },
    routeConfig: { path: '', component: [Function] },
    _resolve: {},
    _resolvedData: undefined,
    _routerState: RouterStateSnapshot { _root: [TreeNode], url: '/' },
    _paramMap: undefined,
    _queryParamMap: undefined,
    _environmentInjector: R3Injector {
      parent: [R3Injector],
      source: '_HomeModule',
      scopes: [Set],
      records: [Map],
      _ngOnDestroyHooks: Set(0) {},
      _onDestroyHooks: [],
      _destroyed: false,
      injectorDefTypes: [Set]
    }
  },
  type: 13
}
[ROUTER SERVER EVENT] GuardsCheckEnd {
  id: 1,
  url: '/',
  urlAfterRedirects: '/',
  state: RouterStateSnapshot {
    _root: TreeNode { value: [ActivatedRouteSnapshot], children: [Array] },
    url: '/'
  },
  shouldActivate: true,
  type: 8
}
[ROUTER SERVER] url: /
[ROUTER SERVER] urlAfterRedirects: /
[ROUTER SERVER EVENT] ResolveStart {
  id: 1,
  url: '/',
  urlAfterRedirects: '/',
  state: RouterStateSnapshot {
    _root: TreeNode { value: [ActivatedRouteSnapshot], children: [Array] },
    url: '/'
  },
  type: 5
}
[ROUTER SERVER] url: /
[ROUTER SERVER] urlAfterRedirects: /
[ROUTER SERVER EVENT] ResolveEnd {
  id: 1,
  url: '/',
  urlAfterRedirects: '/',
  state: RouterStateSnapshot {
    _root: TreeNode { value: [ActivatedRouteSnapshot], children: [Array] },
    url: '/'
  },
  type: 6
}
[ROUTER SERVER] url: /
[ROUTER SERVER] urlAfterRedirects: /
NG02801: Angular detected that `HttpClient` is not configured to use `fetch` APIs. It's strongly recommended to enable `fetch` for applications that use Server-Side Rendering for better performance and compatibility. To enable `fetch`, add the `withFetch()` to the `provideHttpClient()` call at the root of the application.
[ROUTER SERVER EVENT] ActivationEnd {
  snapshot: ActivatedRouteSnapshot {
    url: [],
    params: {},
    queryParams: {},
    fragment: null,
    data: { breadcrumb: 'Home' },
    outlet: 'primary',
    component: [class _HomeComponent] {
      'ɵfac': [Function: HomeComponent_Factory],
      'ɵcmp': [Object],
      decorators: [Array],
      ctorParameters: [Function (anonymous)]
    },
    routeConfig: { path: '', component: [Function] },
    _resolve: {},
    _resolvedData: {},
    _routerState: RouterStateSnapshot { _root: [TreeNode], url: '/' },
    _paramMap: undefined,
    _queryParamMap: undefined,
    _environmentInjector: R3Injector {
      parent: [R3Injector],
      source: '_HomeModule',
      scopes: [Set],
      records: [Map],
      _ngOnDestroyHooks: Set(0) {},
      _onDestroyHooks: [],
      _destroyed: false,
      injectorDefTypes: [Set]
    }
  },
  type: 14
}
[ROUTER SERVER EVENT] ChildActivationEnd {
  snapshot: ActivatedRouteSnapshot {
    url: [],
    params: {},
    queryParams: {},
    fragment: null,
    data: { breadcrumb: 'Home' },
    outlet: 'primary',
    component: [class _LayoutComponent] {
      'ɵfac': [Function: LayoutComponent_Factory],
      'ɵcmp': [Object],
      decorators: [Array],
      ctorParameters: [Function (anonymous)],
      __NG_ELEMENT_ID__: 3
    },
    routeConfig: {
      component: [Function],
      path: '',
      loadChildren: [Function: loadChildren],
      data: [Object],
      'ɵentryName': 'src/app/home/home.module.ts',
      _loadedRoutes: [Array],
      _loadedInjector: [R3Injector],
      _loadedNgModuleFactory: [NgModuleFactory2]
    },
    _resolve: {},
    _resolvedData: {},
    _routerState: RouterStateSnapshot { _root: [TreeNode], url: '/' },
    _paramMap: undefined,
    _queryParamMap: undefined,
    _environmentInjector: R3Injector {
      parent: [R3Injector],
      source: 'Environment Injector',
      scopes: [Set],
      records: [Map],
      _ngOnDestroyHooks: [Set],
      _onDestroyHooks: [Array],
      _destroyed: false,
      injectorDefTypes: Set(0) {}
    }
  },
  type: 12
}
[ROUTER SERVER EVENT] ActivationEnd {
  snapshot: ActivatedRouteSnapshot {
    url: [],
    params: {},
    queryParams: {},
    fragment: null,
    data: { breadcrumb: 'Home' },
    outlet: 'primary',
    component: [class _LayoutComponent] {
      'ɵfac': [Function: LayoutComponent_Factory],
      'ɵcmp': [Object],
      decorators: [Array],
      ctorParameters: [Function (anonymous)],
      __NG_ELEMENT_ID__: 3
    },
    routeConfig: {
      component: [Function],
      path: '',
      loadChildren: [Function: loadChildren],
      data: [Object],
      'ɵentryName': 'src/app/home/home.module.ts',
      _loadedRoutes: [Array],
      _loadedInjector: [R3Injector],
      _loadedNgModuleFactory: [NgModuleFactory2]
    },
    _resolve: {},
    _resolvedData: {},
    _routerState: RouterStateSnapshot { _root: [TreeNode], url: '/' },
    _paramMap: undefined,
    _queryParamMap: undefined,
    _environmentInjector: R3Injector {
      parent: [R3Injector],
      source: 'Environment Injector',
      scopes: [Set],
      records: [Map],
      _ngOnDestroyHooks: [Set],
      _onDestroyHooks: [Array],
      _destroyed: false,
      injectorDefTypes: Set(0) {}
    }
  },
  type: 14
}
[ROUTER SERVER EVENT] ChildActivationEnd {
  snapshot: ActivatedRouteSnapshot {
    url: [],
    params: {},
    queryParams: {},
    fragment: null,
    data: {},
    outlet: 'primary',
    component: null,
    routeConfig: null,
    _resolve: {},
    _resolvedData: undefined,
    _routerState: RouterStateSnapshot { _root: [TreeNode], url: '/' },
    _paramMap: undefined,
    _queryParamMap: undefined,
    _environmentInjector: R3Injector {
      parent: [R3Injector],
      source: 'Environment Injector',
      scopes: [Set],
      records: [Map],
      _ngOnDestroyHooks: [Set],
      _onDestroyHooks: [Array],
      _destroyed: false,
      injectorDefTypes: Set(0) {}
    }
  },
  type: 12
}
[ROUTER SERVER EVENT] NavigationEnd { id: 1, url: '/', urlAfterRedirects: '/', type: 1 }
[ROUTER SERVER] url: /
[ROUTER SERVER] urlAfterRedirects: /
[ROUTER SERVER EVENT] Scroll {
  routerEvent: NavigationEnd { id: 1, url: '/', urlAfterRedirects: '/', type: 1 },
  position: null,
  anchor: null,
  scrollBehavior: undefined,
  type: 15
}
request /account/userinfo [Function: status]
request / [Function: status]
[ROUTER SERVER EVENT] NavigationStart {
  id: 1,
  url: '/',
  type: 0,
  navigationTrigger: 'imperative',
  restoredState: null
}
[ROUTER SERVER] NavigationStart trigger: imperative restoredState: null
[ROUTER SERVER] url: /
[ROUTER SERVER EVENT] RouteConfigLoadStart {
  route: {
    component: [class _LayoutComponent] {
      'ɵfac': [Function: LayoutComponent_Factory],
      'ɵcmp': [Object],
      decorators: [Array],
      ctorParameters: [Function (anonymous)],
      __NG_ELEMENT_ID__: 3
    },
    path: '',
    loadChildren: [Function: loadChildren],
    data: { breadcrumb: 'Home' },
    'ɵentryName': 'src/app/home/home.module.ts'
  },
  type: 9
}
[ROUTER SERVER EVENT] RouteConfigLoadEnd {
  route: {
    component: [class _LayoutComponent] {
      'ɵfac': [Function: LayoutComponent_Factory],
      'ɵcmp': [Object],
      decorators: [Array],
      ctorParameters: [Function (anonymous)],
      __NG_ELEMENT_ID__: 3
    },
    path: '',
    loadChildren: [Function: loadChildren],
    data: { breadcrumb: 'Home' },
    'ɵentryName': 'src/app/home/home.module.ts'
  },
  type: 10
}
[ROUTER SERVER EVENT] RoutesRecognized {
  id: 1,
  url: '/',
  urlAfterRedirects: '/',
  state: RouterStateSnapshot {
    _root: TreeNode { value: [ActivatedRouteSnapshot], children: [Array] },
    url: '/'
  },
  type: 4
}
[ROUTER SERVER] url: /
[ROUTER SERVER] urlAfterRedirects: /
[ROUTER SERVER EVENT] GuardsCheckStart {
  id: 1,
  url: '/',
  urlAfterRedirects: '/',
  state: RouterStateSnapshot {
    _root: TreeNode { value: [ActivatedRouteSnapshot], children: [Array] },
    url: '/'
  },
  type: 7
}
[ROUTER SERVER] url: /
[ROUTER SERVER] urlAfterRedirects: /
[ROUTER SERVER EVENT] ChildActivationStart {
  snapshot: ActivatedRouteSnapshot {
    url: [],
    params: {},
    queryParams: {},
    fragment: null,
    data: {},
    outlet: 'primary',
    component: null,
    routeConfig: null,
    _resolve: {},
    _resolvedData: undefined,
    _routerState: RouterStateSnapshot { _root: [TreeNode], url: '/' },
    _paramMap: undefined,
    _queryParamMap: undefined,
    _environmentInjector: R3Injector {
      parent: [R3Injector],
      source: 'Environment Injector',
      scopes: [Set],
      records: [Map],
      _ngOnDestroyHooks: [Set],
      _onDestroyHooks: [Array],
      _destroyed: false,
      injectorDefTypes: Set(0) {}
    }
  },
  type: 11
}
[ROUTER SERVER EVENT] ActivationStart {
  snapshot: ActivatedRouteSnapshot {
    url: [],
    params: {},
    queryParams: {},
    fragment: null,
    data: { breadcrumb: 'Home' },
    outlet: 'primary',
    component: [class _LayoutComponent] {
      'ɵfac': [Function: LayoutComponent_Factory],
      'ɵcmp': [Object],
      decorators: [Array],
      ctorParameters: [Function (anonymous)],
      __NG_ELEMENT_ID__: 3
    },
    routeConfig: {
      component: [Function],
      path: '',
      loadChildren: [Function: loadChildren],
      data: [Object],
      'ɵentryName': 'src/app/home/home.module.ts',
      _loadedRoutes: [Array],
      _loadedInjector: [R3Injector],
      _loadedNgModuleFactory: [NgModuleFactory2]
    },
    _resolve: {},
    _resolvedData: undefined,
    _routerState: RouterStateSnapshot { _root: [TreeNode], url: '/' },
    _paramMap: undefined,
    _queryParamMap: undefined,
    _environmentInjector: R3Injector {
      parent: [R3Injector],
      source: 'Environment Injector',
      scopes: [Set],
      records: [Map],
      _ngOnDestroyHooks: [Set],
      _onDestroyHooks: [Array],
      _destroyed: false,
      injectorDefTypes: Set(0) {}
    }
  },
  type: 13
}
[ROUTER SERVER EVENT] ChildActivationStart {
  snapshot: ActivatedRouteSnapshot {
    url: [],
    params: {},
    queryParams: {},
    fragment: null,
    data: { breadcrumb: 'Home' },
    outlet: 'primary',
    component: [class _LayoutComponent] {
      'ɵfac': [Function: LayoutComponent_Factory],
      'ɵcmp': [Object],
      decorators: [Array],
      ctorParameters: [Function (anonymous)],
      __NG_ELEMENT_ID__: 3
    },
    routeConfig: {
      component: [Function],
      path: '',
      loadChildren: [Function: loadChildren],
      data: [Object],
      'ɵentryName': 'src/app/home/home.module.ts',
      _loadedRoutes: [Array],
      _loadedInjector: [R3Injector],
      _loadedNgModuleFactory: [NgModuleFactory2]
    },
    _resolve: {},
    _resolvedData: undefined,
    _routerState: RouterStateSnapshot { _root: [TreeNode], url: '/' },
    _paramMap: undefined,
    _queryParamMap: undefined,
    _environmentInjector: R3Injector {
      parent: [R3Injector],
      source: 'Environment Injector',
      scopes: [Set],
      records: [Map],
      _ngOnDestroyHooks: [Set],
      _onDestroyHooks: [Array],
      _destroyed: false,
      injectorDefTypes: Set(0) {}
    }
  },
  type: 11
}
[ROUTER SERVER EVENT] ActivationStart {
  snapshot: ActivatedRouteSnapshot {
    url: [],
    params: {},
    queryParams: {},
    fragment: null,
    data: { breadcrumb: 'Home' },
    outlet: 'primary',
    component: [class _HomeComponent] {
      'ɵfac': [Function: HomeComponent_Factory],
      'ɵcmp': [Object],
      decorators: [Array],
      ctorParameters: [Function (anonymous)],
      __NG_ELEMENT_ID__: 7
    },
    routeConfig: { path: '', component: [Function] },
    _resolve: {},
    _resolvedData: undefined,
    _routerState: RouterStateSnapshot { _root: [TreeNode], url: '/' },
    _paramMap: undefined,
    _queryParamMap: undefined,
    _environmentInjector: R3Injector {
      parent: [R3Injector],
      source: '_HomeModule',
      scopes: [Set],
      records: [Map],
      _ngOnDestroyHooks: Set(0) {},
      _onDestroyHooks: [],
      _destroyed: false,
      injectorDefTypes: [Set]
    }
  },
  type: 13
}
[ROUTER SERVER EVENT] GuardsCheckEnd {
  id: 1,
  url: '/',
  urlAfterRedirects: '/',
  state: RouterStateSnapshot {
    _root: TreeNode { value: [ActivatedRouteSnapshot], children: [Array] },
    url: '/'
  },
  shouldActivate: true,
  type: 8
}
[ROUTER SERVER] url: /
[ROUTER SERVER] urlAfterRedirects: /
[ROUTER SERVER EVENT] ResolveStart {
  id: 1,
  url: '/',
  urlAfterRedirects: '/',
  state: RouterStateSnapshot {
    _root: TreeNode { value: [ActivatedRouteSnapshot], children: [Array] },
    url: '/'
  },
  type: 5
}
[ROUTER SERVER] url: /
[ROUTER SERVER] urlAfterRedirects: /
[ROUTER SERVER EVENT] ResolveEnd {
  id: 1,
  url: '/',
  urlAfterRedirects: '/',
  state: RouterStateSnapshot {
    _root: TreeNode { value: [ActivatedRouteSnapshot], children: [Array] },
    url: '/'
  },
  type: 6
}
[ROUTER SERVER] url: /
[ROUTER SERVER] urlAfterRedirects: /
[ROUTER SERVER EVENT] ActivationEnd {
  snapshot: ActivatedRouteSnapshot {
    url: [],
    params: {},
    queryParams: {},
    fragment: null,
    data: { breadcrumb: 'Home' },
    outlet: 'primary',
    component: [class _HomeComponent] {
      'ɵfac': [Function: HomeComponent_Factory],
      'ɵcmp': [Object],
      decorators: [Array],
      ctorParameters: [Function (anonymous)],
      __NG_ELEMENT_ID__: 7
    },
    routeConfig: { path: '', component: [Function] },
    _resolve: {},
    _resolvedData: {},
    _routerState: RouterStateSnapshot { _root: [TreeNode], url: '/' },
    _paramMap: undefined,
    _queryParamMap: undefined,
    _environmentInjector: R3Injector {
      parent: [R3Injector],
      source: '_HomeModule',
      scopes: [Set],
      records: [Map],
      _ngOnDestroyHooks: Set(0) {},
      _onDestroyHooks: [],
      _destroyed: false,
      injectorDefTypes: [Set]
    }
  },
  type: 14
}
[ROUTER SERVER EVENT] ChildActivationEnd {
  snapshot: ActivatedRouteSnapshot {
    url: [],
    params: {},
    queryParams: {},
    fragment: null,
    data: { breadcrumb: 'Home' },
    outlet: 'primary',
    component: [class _LayoutComponent] {
      'ɵfac': [Function: LayoutComponent_Factory],
      'ɵcmp': [Object],
      decorators: [Array],
      ctorParameters: [Function (anonymous)],
      __NG_ELEMENT_ID__: 3
    },
    routeConfig: {
      component: [Function],
      path: '',
      loadChildren: [Function: loadChildren],
      data: [Object],
      'ɵentryName': 'src/app/home/home.module.ts',
      _loadedRoutes: [Array],
      _loadedInjector: [R3Injector],
      _loadedNgModuleFactory: [NgModuleFactory2]
    },
    _resolve: {},
    _resolvedData: {},
    _routerState: RouterStateSnapshot { _root: [TreeNode], url: '/' },
    _paramMap: undefined,
    _queryParamMap: undefined,
    _environmentInjector: R3Injector {
      parent: [R3Injector],
      source: 'Environment Injector',
      scopes: [Set],
      records: [Map],
      _ngOnDestroyHooks: [Set],
      _onDestroyHooks: [Array],
      _destroyed: false,
      injectorDefTypes: Set(0) {}
    }
  },
  type: 12
}
[ROUTER SERVER EVENT] ActivationEnd {
  snapshot: ActivatedRouteSnapshot {
    url: [],
    params: {},
    queryParams: {},
    fragment: null,
    data: { breadcrumb: 'Home' },
    outlet: 'primary',
    component: [class _LayoutComponent] {
      'ɵfac': [Function: LayoutComponent_Factory],
      'ɵcmp': [Object],
      decorators: [Array],
      ctorParameters: [Function (anonymous)],
      __NG_ELEMENT_ID__: 3
    },
    routeConfig: {
      component: [Function],
      path: '',
      loadChildren: [Function: loadChildren],
      data: [Object],
      'ɵentryName': 'src/app/home/home.module.ts',
      _loadedRoutes: [Array],
      _loadedInjector: [R3Injector],
      _loadedNgModuleFactory: [NgModuleFactory2]
    },
    _resolve: {},
    _resolvedData: {},
    _routerState: RouterStateSnapshot { _root: [TreeNode], url: '/' },
    _paramMap: undefined,
    _queryParamMap: undefined,
    _environmentInjector: R3Injector {
      parent: [R3Injector],
      source: 'Environment Injector',
      scopes: [Set],
      records: [Map],
      _ngOnDestroyHooks: [Set],
      _onDestroyHooks: [Array],
      _destroyed: false,
      injectorDefTypes: Set(0) {}
    }
  },
  type: 14
}
[ROUTER SERVER EVENT] ChildActivationEnd {
  snapshot: ActivatedRouteSnapshot {
    url: [],
    params: {},
    queryParams: {},
    fragment: null,
    data: {},
    outlet: 'primary',
    component: null,
    routeConfig: null,
    _resolve: {},
    _resolvedData: undefined,
    _routerState: RouterStateSnapshot { _root: [TreeNode], url: '/' },
    _paramMap: undefined,
    _queryParamMap: undefined,
    _environmentInjector: R3Injector {
      parent: [R3Injector],
      source: 'Environment Injector',
      scopes: [Set],
      records: [Map],
      _ngOnDestroyHooks: [Set],
      _onDestroyHooks: [Array],
      _destroyed: false,
      injectorDefTypes: Set(0) {}
    }
  },
  type: 12
}
[ROUTER SERVER EVENT] NavigationEnd { id: 1, url: '/', urlAfterRedirects: '/', type: 1 }
[ROUTER SERVER] url: /
[ROUTER SERVER] urlAfterRedirects: /
[ROUTER SERVER EVENT] Scroll {
  routerEvent: NavigationEnd { id: 1, url: '/', urlAfterRedirects: '/', type: 1 },
  position: null,
  anchor: null,
  scrollBehavior: undefined,
  type: 15
}
request / [Function: status]
[ROUTER SERVER EVENT] NavigationStart {
  id: 1,
  url: '/',
  type: 0,
  navigationTrigger: 'imperative',
  restoredState: null
}
[ROUTER SERVER] NavigationStart trigger: imperative restoredState: null
[ROUTER SERVER] url: /
[ROUTER SERVER EVENT] RouteConfigLoadStart {
  route: {
    component: [class _LayoutComponent] {
      'ɵfac': [Function: LayoutComponent_Factory],
      'ɵcmp': [Object],
      decorators: [Array],
      ctorParameters: [Function (anonymous)],
      __NG_ELEMENT_ID__: 3
    },
    path: '',
    loadChildren: [Function: loadChildren],
    data: { breadcrumb: 'Home' },
    'ɵentryName': 'src/app/home/home.module.ts'
  },
  type: 9
}
[ROUTER SERVER EVENT] RouteConfigLoadEnd {
  route: {
    component: [class _LayoutComponent] {
      'ɵfac': [Function: LayoutComponent_Factory],
      'ɵcmp': [Object],
      decorators: [Array],
      ctorParameters: [Function (anonymous)],
      __NG_ELEMENT_ID__: 3
    },
    path: '',
    loadChildren: [Function: loadChildren],
    data: { breadcrumb: 'Home' },
    'ɵentryName': 'src/app/home/home.module.ts'
  },
  type: 10
}
[ROUTER SERVER EVENT] RoutesRecognized {
  id: 1,
  url: '/',
  urlAfterRedirects: '/',
  state: RouterStateSnapshot {
    _root: TreeNode { value: [ActivatedRouteSnapshot], children: [Array] },
    url: '/'
  },
  type: 4
}
[ROUTER SERVER] url: /
[ROUTER SERVER] urlAfterRedirects: /
[ROUTER SERVER EVENT] GuardsCheckStart {
  id: 1,
  url: '/',
  urlAfterRedirects: '/',
  state: RouterStateSnapshot {
    _root: TreeNode { value: [ActivatedRouteSnapshot], children: [Array] },
    url: '/'
  },
  type: 7
}
[ROUTER SERVER] url: /
[ROUTER SERVER] urlAfterRedirects: /
[ROUTER SERVER EVENT] ChildActivationStart {
  snapshot: ActivatedRouteSnapshot {
    url: [],
    params: {},
    queryParams: {},
    fragment: null,
    data: {},
    outlet: 'primary',
    component: null,
    routeConfig: null,
    _resolve: {},
    _resolvedData: undefined,
    _routerState: RouterStateSnapshot { _root: [TreeNode], url: '/' },
    _paramMap: undefined,
    _queryParamMap: undefined,
    _environmentInjector: R3Injector {
      parent: [R3Injector],
      source: 'Environment Injector',
      scopes: [Set],
      records: [Map],
      _ngOnDestroyHooks: [Set],
      _onDestroyHooks: [Array],
      _destroyed: false,
      injectorDefTypes: Set(0) {}
    }
  },
  type: 11
}
[ROUTER SERVER EVENT] ActivationStart {
  snapshot: ActivatedRouteSnapshot {
    url: [],
    params: {},
    queryParams: {},
    fragment: null,
    data: { breadcrumb: 'Home' },
    outlet: 'primary',
    component: [class _LayoutComponent] {
      'ɵfac': [Function: LayoutComponent_Factory],
      'ɵcmp': [Object],
      decorators: [Array],
      ctorParameters: [Function (anonymous)],
      __NG_ELEMENT_ID__: 3
    },
    routeConfig: {
      component: [Function],
      path: '',
      loadChildren: [Function: loadChildren],
      data: [Object],
      'ɵentryName': 'src/app/home/home.module.ts',
      _loadedRoutes: [Array],
      _loadedInjector: [R3Injector],
      _loadedNgModuleFactory: [NgModuleFactory2]
    },
    _resolve: {},
    _resolvedData: undefined,
    _routerState: RouterStateSnapshot { _root: [TreeNode], url: '/' },
    _paramMap: undefined,
    _queryParamMap: undefined,
    _environmentInjector: R3Injector {
      parent: [R3Injector],
      source: 'Environment Injector',
      scopes: [Set],
      records: [Map],
      _ngOnDestroyHooks: [Set],
      _onDestroyHooks: [Array],
      _destroyed: false,
      injectorDefTypes: Set(0) {}
    }
  },
  type: 13
}
[ROUTER SERVER EVENT] ChildActivationStart {
  snapshot: ActivatedRouteSnapshot {
    url: [],
    params: {},
    queryParams: {},
    fragment: null,
    data: { breadcrumb: 'Home' },
    outlet: 'primary',
    component: [class _LayoutComponent] {
      'ɵfac': [Function: LayoutComponent_Factory],
      'ɵcmp': [Object],
      decorators: [Array],
      ctorParameters: [Function (anonymous)],
      __NG_ELEMENT_ID__: 3
    },
    routeConfig: {
      component: [Function],
      path: '',
      loadChildren: [Function: loadChildren],
      data: [Object],
      'ɵentryName': 'src/app/home/home.module.ts',
      _loadedRoutes: [Array],
      _loadedInjector: [R3Injector],
      _loadedNgModuleFactory: [NgModuleFactory2]
    },
    _resolve: {},
    _resolvedData: undefined,
    _routerState: RouterStateSnapshot { _root: [TreeNode], url: '/' },
    _paramMap: undefined,
    _queryParamMap: undefined,
    _environmentInjector: R3Injector {
      parent: [R3Injector],
      source: 'Environment Injector',
      scopes: [Set],
      records: [Map],
      _ngOnDestroyHooks: [Set],
      _onDestroyHooks: [Array],
      _destroyed: false,
      injectorDefTypes: Set(0) {}
    }
  },
  type: 11
}
[ROUTER SERVER EVENT] ActivationStart {
  snapshot: ActivatedRouteSnapshot {
    url: [],
    params: {},
    queryParams: {},
    fragment: null,
    data: { breadcrumb: 'Home' },
    outlet: 'primary',
    component: [class _HomeComponent] {
      'ɵfac': [Function: HomeComponent_Factory],
      'ɵcmp': [Object],
      decorators: [Array],
      ctorParameters: [Function (anonymous)],
      __NG_ELEMENT_ID__: 7
    },
    routeConfig: { path: '', component: [Function] },
    _resolve: {},
    _resolvedData: undefined,
    _routerState: RouterStateSnapshot { _root: [TreeNode], url: '/' },
    _paramMap: undefined,
    _queryParamMap: undefined,
    _environmentInjector: R3Injector {
      parent: [R3Injector],
      source: '_HomeModule',
      scopes: [Set],
      records: [Map],
      _ngOnDestroyHooks: Set(0) {},
      _onDestroyHooks: [],
      _destroyed: false,
      injectorDefTypes: [Set]
    }
  },
  type: 13
}
[ROUTER SERVER EVENT] GuardsCheckEnd {
  id: 1,
  url: '/',
  urlAfterRedirects: '/',
  state: RouterStateSnapshot {
    _root: TreeNode { value: [ActivatedRouteSnapshot], children: [Array] },
    url: '/'
  },
  shouldActivate: true,
  type: 8
}
[ROUTER SERVER] url: /
[ROUTER SERVER] urlAfterRedirects: /
[ROUTER SERVER EVENT] ResolveStart {
  id: 1,
  url: '/',
  urlAfterRedirects: '/',
  state: RouterStateSnapshot {
    _root: TreeNode { value: [ActivatedRouteSnapshot], children: [Array] },
    url: '/'
  },
  type: 5
}
[ROUTER SERVER] url: /
[ROUTER SERVER] urlAfterRedirects: /
[ROUTER SERVER EVENT] ResolveEnd {
  id: 1,
  url: '/',
  urlAfterRedirects: '/',
  state: RouterStateSnapshot {
    _root: TreeNode { value: [ActivatedRouteSnapshot], children: [Array] },
    url: '/'
  },
  type: 6
}
[ROUTER SERVER] url: /
[ROUTER SERVER] urlAfterRedirects: /
[ROUTER SERVER EVENT] ActivationEnd {
  snapshot: ActivatedRouteSnapshot {
    url: [],
    params: {},
    queryParams: {},
    fragment: null,
    data: { breadcrumb: 'Home' },
    outlet: 'primary',
    component: [class _HomeComponent] {
      'ɵfac': [Function: HomeComponent_Factory],
      'ɵcmp': [Object],
      decorators: [Array],
      ctorParameters: [Function (anonymous)],
      __NG_ELEMENT_ID__: 7
    },
    routeConfig: { path: '', component: [Function] },
    _resolve: {},
    _resolvedData: {},
    _routerState: RouterStateSnapshot { _root: [TreeNode], url: '/' },
    _paramMap: undefined,
    _queryParamMap: undefined,
    _environmentInjector: R3Injector {
      parent: [R3Injector],
      source: '_HomeModule',
      scopes: [Set],
      records: [Map],
      _ngOnDestroyHooks: Set(0) {},
      _onDestroyHooks: [],
      _destroyed: false,
      injectorDefTypes: [Set]
    }
  },
  type: 14
}
[ROUTER SERVER EVENT] ChildActivationEnd {
  snapshot: ActivatedRouteSnapshot {
    url: [],
    params: {},
    queryParams: {},
    fragment: null,
    data: { breadcrumb: 'Home' },
    outlet: 'primary',
    component: [class _LayoutComponent] {
      'ɵfac': [Function: LayoutComponent_Factory],
      'ɵcmp': [Object],
      decorators: [Array],
      ctorParameters: [Function (anonymous)],
      __NG_ELEMENT_ID__: 3
    },
    routeConfig: {
      component: [Function],
      path: '',
      loadChildren: [Function: loadChildren],
      data: [Object],
      'ɵentryName': 'src/app/home/home.module.ts',
      _loadedRoutes: [Array],
      _loadedInjector: [R3Injector],
      _loadedNgModuleFactory: [NgModuleFactory2]
    },
    _resolve: {},
    _resolvedData: {},
    _routerState: RouterStateSnapshot { _root: [TreeNode], url: '/' },
    _paramMap: undefined,
    _queryParamMap: undefined,
    _environmentInjector: R3Injector {
      parent: [R3Injector],
      source: 'Environment Injector',
      scopes: [Set],
      records: [Map],
      _ngOnDestroyHooks: [Set],
      _onDestroyHooks: [Array],
      _destroyed: false,
      injectorDefTypes: Set(0) {}
    }
  },
  type: 12
}
[ROUTER SERVER EVENT] ActivationEnd {
  snapshot: ActivatedRouteSnapshot {
    url: [],
    params: {},
    queryParams: {},
    fragment: null,
    data: { breadcrumb: 'Home' },
    outlet: 'primary',
    component: [class _LayoutComponent] {
      'ɵfac': [Function: LayoutComponent_Factory],
      'ɵcmp': [Object],
      decorators: [Array],
      ctorParameters: [Function (anonymous)],
      __NG_ELEMENT_ID__: 3
    },
    routeConfig: {
      component: [Function],
      path: '',
      loadChildren: [Function: loadChildren],
      data: [Object],
      'ɵentryName': 'src/app/home/home.module.ts',
      _loadedRoutes: [Array],
      _loadedInjector: [R3Injector],
      _loadedNgModuleFactory: [NgModuleFactory2]
    },
    _resolve: {},
    _resolvedData: {},
    _routerState: RouterStateSnapshot { _root: [TreeNode], url: '/' },
    _paramMap: undefined,
    _queryParamMap: undefined,
    _environmentInjector: R3Injector {
      parent: [R3Injector],
      source: 'Environment Injector',
      scopes: [Set],
      records: [Map],
      _ngOnDestroyHooks: [Set],
      _onDestroyHooks: [Array],
      _destroyed: false,
      injectorDefTypes: Set(0) {}
    }
  },
  type: 14
}
[ROUTER SERVER EVENT] ChildActivationEnd {
  snapshot: ActivatedRouteSnapshot {
    url: [],
    params: {},
    queryParams: {},
    fragment: null,
    data: {},
    outlet: 'primary',
    component: null,
    routeConfig: null,
    _resolve: {},
    _resolvedData: undefined,
    _routerState: RouterStateSnapshot { _root: [TreeNode], url: '/' },
    _paramMap: undefined,
    _queryParamMap: undefined,
    _environmentInjector: R3Injector {
      parent: [R3Injector],
      source: 'Environment Injector',
      scopes: [Set],
      records: [Map],
      _ngOnDestroyHooks: [Set],
      _onDestroyHooks: [Array],
      _destroyed: false,
      injectorDefTypes: Set(0) {}
    }
  },
  type: 12
}
[ROUTER SERVER EVENT] NavigationEnd { id: 1, url: '/', urlAfterRedirects: '/', type: 1 }
[ROUTER SERVER] url: /
[ROUTER SERVER] urlAfterRedirects: /
[ROUTER SERVER EVENT] Scroll {
  routerEvent: NavigationEnd { id: 1, url: '/', urlAfterRedirects: '/', type: 1 },
  position: null,
  anchor: null,
  scrollBehavior: undefined,
  type: 15
}
request /account/userinfo [Function: status]
request / [Function: status]
[ROUTER SERVER EVENT] NavigationStart {
  id: 1,
  url: '/',
  type: 0,
  navigationTrigger: 'imperative',
  restoredState: null
}
[ROUTER SERVER] NavigationStart trigger: imperative restoredState: null
[ROUTER SERVER] url: /
[ROUTER SERVER EVENT] RouteConfigLoadStart {
  route: {
    component: [class _LayoutComponent] {
      'ɵfac': [Function: LayoutComponent_Factory],
      'ɵcmp': [Object],
      decorators: [Array],
      ctorParameters: [Function (anonymous)],
      __NG_ELEMENT_ID__: 3
    },
    path: '',
    loadChildren: [Function: loadChildren],
    data: { breadcrumb: 'Home' },
    'ɵentryName': 'src/app/home/home.module.ts'
  },
  type: 9
}
[ROUTER SERVER EVENT] RouteConfigLoadEnd {
  route: {
    component: [class _LayoutComponent] {
      'ɵfac': [Function: LayoutComponent_Factory],
      'ɵcmp': [Object],
      decorators: [Array],
      ctorParameters: [Function (anonymous)],
      __NG_ELEMENT_ID__: 3
    },
    path: '',
    loadChildren: [Function: loadChildren],
    data: { breadcrumb: 'Home' },
    'ɵentryName': 'src/app/home/home.module.ts'
  },
  type: 10
}
[ROUTER SERVER EVENT] RoutesRecognized {
  id: 1,
  url: '/',
  urlAfterRedirects: '/',
  state: RouterStateSnapshot {
    _root: TreeNode { value: [ActivatedRouteSnapshot], children: [Array] },
    url: '/'
  },
  type: 4
}
[ROUTER SERVER] url: /
[ROUTER SERVER] urlAfterRedirects: /
[ROUTER SERVER EVENT] GuardsCheckStart {
  id: 1,
  url: '/',
  urlAfterRedirects: '/',
  state: RouterStateSnapshot {
    _root: TreeNode { value: [ActivatedRouteSnapshot], children: [Array] },
    url: '/'
  },
  type: 7
}
[ROUTER SERVER] url: /
[ROUTER SERVER] urlAfterRedirects: /
[ROUTER SERVER EVENT] ChildActivationStart {
  snapshot: ActivatedRouteSnapshot {
    url: [],
    params: {},
    queryParams: {},
    fragment: null,
    data: {},
    outlet: 'primary',
    component: null,
    routeConfig: null,
    _resolve: {},
    _resolvedData: undefined,
    _routerState: RouterStateSnapshot { _root: [TreeNode], url: '/' },
    _paramMap: undefined,
    _queryParamMap: undefined,
    _environmentInjector: R3Injector {
      parent: [R3Injector],
      source: 'Environment Injector',
      scopes: [Set],
      records: [Map],
      _ngOnDestroyHooks: [Set],
      _onDestroyHooks: [Array],
      _destroyed: false,
      injectorDefTypes: Set(0) {}
    }
  },
  type: 11
}
[ROUTER SERVER EVENT] ActivationStart {
  snapshot: ActivatedRouteSnapshot {
    url: [],
    params: {},
    queryParams: {},
    fragment: null,
    data: { breadcrumb: 'Home' },
    outlet: 'primary',
    component: [class _LayoutComponent] {
      'ɵfac': [Function: LayoutComponent_Factory],
      'ɵcmp': [Object],
      decorators: [Array],
      ctorParameters: [Function (anonymous)],
      __NG_ELEMENT_ID__: 3
    },
    routeConfig: {
      component: [Function],
      path: '',
      loadChildren: [Function: loadChildren],
      data: [Object],
      'ɵentryName': 'src/app/home/home.module.ts',
      _loadedRoutes: [Array],
      _loadedInjector: [R3Injector],
      _loadedNgModuleFactory: [NgModuleFactory2]
    },
    _resolve: {},
    _resolvedData: undefined,
    _routerState: RouterStateSnapshot { _root: [TreeNode], url: '/' },
    _paramMap: undefined,
    _queryParamMap: undefined,
    _environmentInjector: R3Injector {
      parent: [R3Injector],
      source: 'Environment Injector',
      scopes: [Set],
      records: [Map],
      _ngOnDestroyHooks: [Set],
      _onDestroyHooks: [Array],
      _destroyed: false,
      injectorDefTypes: Set(0) {}
    }
  },
  type: 13
}
[ROUTER SERVER EVENT] ChildActivationStart {
  snapshot: ActivatedRouteSnapshot {
    url: [],
    params: {},
    queryParams: {},
    fragment: null,
    data: { breadcrumb: 'Home' },
    outlet: 'primary',
    component: [class _LayoutComponent] {
      'ɵfac': [Function: LayoutComponent_Factory],
      'ɵcmp': [Object],
      decorators: [Array],
      ctorParameters: [Function (anonymous)],
      __NG_ELEMENT_ID__: 3
    },
    routeConfig: {
      component: [Function],
      path: '',
      loadChildren: [Function: loadChildren],
      data: [Object],
      'ɵentryName': 'src/app/home/home.module.ts',
      _loadedRoutes: [Array],
      _loadedInjector: [R3Injector],
      _loadedNgModuleFactory: [NgModuleFactory2]
    },
    _resolve: {},
    _resolvedData: undefined,
    _routerState: RouterStateSnapshot { _root: [TreeNode], url: '/' },
    _paramMap: undefined,
    _queryParamMap: undefined,
    _environmentInjector: R3Injector {
      parent: [R3Injector],
      source: 'Environment Injector',
      scopes: [Set],
      records: [Map],
      _ngOnDestroyHooks: [Set],
      _onDestroyHooks: [Array],
      _destroyed: false,
      injectorDefTypes: Set(0) {}
    }
  },
  type: 11
}
[ROUTER SERVER EVENT] ActivationStart {
  snapshot: ActivatedRouteSnapshot {
    url: [],
    params: {},
    queryParams: {},
    fragment: null,
    data: { breadcrumb: 'Home' },
    outlet: 'primary',
    component: [class _HomeComponent] {
      'ɵfac': [Function: HomeComponent_Factory],
      'ɵcmp': [Object],
      decorators: [Array],
      ctorParameters: [Function (anonymous)],
      __NG_ELEMENT_ID__: 7
    },
    routeConfig: { path: '', component: [Function] },
    _resolve: {},
    _resolvedData: undefined,
    _routerState: RouterStateSnapshot { _root: [TreeNode], url: '/' },
    _paramMap: undefined,
    _queryParamMap: undefined,
    _environmentInjector: R3Injector {
      parent: [R3Injector],
      source: '_HomeModule',
      scopes: [Set],
      records: [Map],
      _ngOnDestroyHooks: Set(0) {},
      _onDestroyHooks: [],
      _destroyed: false,
      injectorDefTypes: [Set]
    }
  },
  type: 13
}
[ROUTER SERVER EVENT] GuardsCheckEnd {
  id: 1,
  url: '/',
  urlAfterRedirects: '/',
  state: RouterStateSnapshot {
    _root: TreeNode { value: [ActivatedRouteSnapshot], children: [Array] },
    url: '/'
  },
  shouldActivate: true,
  type: 8
}
[ROUTER SERVER] url: /
[ROUTER SERVER] urlAfterRedirects: /
[ROUTER SERVER EVENT] ResolveStart {
  id: 1,
  url: '/',
  urlAfterRedirects: '/',
  state: RouterStateSnapshot {
    _root: TreeNode { value: [ActivatedRouteSnapshot], children: [Array] },
    url: '/'
  },
  type: 5
}
[ROUTER SERVER] url: /
[ROUTER SERVER] urlAfterRedirects: /
[ROUTER SERVER EVENT] ResolveEnd {
  id: 1,
  url: '/',
  urlAfterRedirects: '/',
  state: RouterStateSnapshot {
    _root: TreeNode { value: [ActivatedRouteSnapshot], children: [Array] },
    url: '/'
  },
  type: 6
}
[ROUTER SERVER] url: /
[ROUTER SERVER] urlAfterRedirects: /
[ROUTER SERVER EVENT] ActivationEnd {
  snapshot: ActivatedRouteSnapshot {
    url: [],
    params: {},
    queryParams: {},
    fragment: null,
    data: { breadcrumb: 'Home' },
    outlet: 'primary',
    component: [class _HomeComponent] {
      'ɵfac': [Function: HomeComponent_Factory],
      'ɵcmp': [Object],
      decorators: [Array],
      ctorParameters: [Function (anonymous)],
      __NG_ELEMENT_ID__: 7
    },
    routeConfig: { path: '', component: [Function] },
    _resolve: {},
    _resolvedData: {},
    _routerState: RouterStateSnapshot { _root: [TreeNode], url: '/' },
    _paramMap: undefined,
    _queryParamMap: undefined,
    _environmentInjector: R3Injector {
      parent: [R3Injector],
      source: '_HomeModule',
      scopes: [Set],
      records: [Map],
      _ngOnDestroyHooks: Set(0) {},
      _onDestroyHooks: [],
      _destroyed: false,
      injectorDefTypes: [Set]
    }
  },
  type: 14
}
[ROUTER SERVER EVENT] ChildActivationEnd {
  snapshot: ActivatedRouteSnapshot {
    url: [],
    params: {},
    queryParams: {},
    fragment: null,
    data: { breadcrumb: 'Home' },
    outlet: 'primary',
    component: [class _LayoutComponent] {
      'ɵfac': [Function: LayoutComponent_Factory],
      'ɵcmp': [Object],
      decorators: [Array],
      ctorParameters: [Function (anonymous)],
      __NG_ELEMENT_ID__: 3
    },
    routeConfig: {
      component: [Function],
      path: '',
      loadChildren: [Function: loadChildren],
      data: [Object],
      'ɵentryName': 'src/app/home/home.module.ts',
      _loadedRoutes: [Array],
      _loadedInjector: [R3Injector],
      _loadedNgModuleFactory: [NgModuleFactory2]
    },
    _resolve: {},
    _resolvedData: {},
    _routerState: RouterStateSnapshot { _root: [TreeNode], url: '/' },
    _paramMap: undefined,
    _queryParamMap: undefined,
    _environmentInjector: R3Injector {
      parent: [R3Injector],
      source: 'Environment Injector',
      scopes: [Set],
      records: [Map],
      _ngOnDestroyHooks: [Set],
      _onDestroyHooks: [Array],
      _destroyed: false,
      injectorDefTypes: Set(0) {}
    }
  },
  type: 12
}
[ROUTER SERVER EVENT] ActivationEnd {
  snapshot: ActivatedRouteSnapshot {
    url: [],
    params: {},
    queryParams: {},
    fragment: null,
    data: { breadcrumb: 'Home' },
    outlet: 'primary',
    component: [class _LayoutComponent] {
      'ɵfac': [Function: LayoutComponent_Factory],
      'ɵcmp': [Object],
      decorators: [Array],
      ctorParameters: [Function (anonymous)],
      __NG_ELEMENT_ID__: 3
    },
    routeConfig: {
      component: [Function],
      path: '',
      loadChildren: [Function: loadChildren],
      data: [Object],
      'ɵentryName': 'src/app/home/home.module.ts',
      _loadedRoutes: [Array],
      _loadedInjector: [R3Injector],
      _loadedNgModuleFactory: [NgModuleFactory2]
    },
    _resolve: {},
    _resolvedData: {},
    _routerState: RouterStateSnapshot { _root: [TreeNode], url: '/' },
    _paramMap: undefined,
    _queryParamMap: undefined,
    _environmentInjector: R3Injector {
      parent: [R3Injector],
      source: 'Environment Injector',
      scopes: [Set],
      records: [Map],
      _ngOnDestroyHooks: [Set],
      _onDestroyHooks: [Array],
      _destroyed: false,
      injectorDefTypes: Set(0) {}
    }
  },
  type: 14
}
[ROUTER SERVER EVENT] ChildActivationEnd {
  snapshot: ActivatedRouteSnapshot {
    url: [],
    params: {},
    queryParams: {},
    fragment: null,
    data: {},
    outlet: 'primary',
    component: null,
    routeConfig: null,
    _resolve: {},
    _resolvedData: undefined,
    _routerState: RouterStateSnapshot { _root: [TreeNode], url: '/' },
    _paramMap: undefined,
    _queryParamMap: undefined,
    _environmentInjector: R3Injector {
      parent: [R3Injector],
      source: 'Environment Injector',
      scopes: [Set],
      records: [Map],
      _ngOnDestroyHooks: [Set],
      _onDestroyHooks: [Array],
      _destroyed: false,
      injectorDefTypes: Set(0) {}
    }
  },
  type: 12
}
[ROUTER SERVER EVENT] NavigationEnd { id: 1, url: '/', urlAfterRedirects: '/', type: 1 }
[ROUTER SERVER] url: /
[ROUTER SERVER] urlAfterRedirects: /
[ROUTER SERVER EVENT] Scroll {
  routerEvent: NavigationEnd { id: 1, url: '/', urlAfterRedirects: '/', type: 1 },
  position: null,
  anchor: null,
  scrollBehavior: undefined,
  type: 15
}
request / [Function: status]
[ROUTER SERVER EVENT] NavigationStart {
  id: 1,
  url: '/',
  type: 0,
  navigationTrigger: 'imperative',
  restoredState: null
}
[ROUTER SERVER] NavigationStart trigger: imperative restoredState: null
[ROUTER SERVER] url: /
[ROUTER SERVER EVENT] RouteConfigLoadStart {
  route: {
    component: [class _LayoutComponent] {
      'ɵfac': [Function: LayoutComponent_Factory],
      'ɵcmp': [Object],
      decorators: [Array],
      ctorParameters: [Function (anonymous)],
      __NG_ELEMENT_ID__: 3
    },
    path: '',
    loadChildren: [Function: loadChildren],
    data: { breadcrumb: 'Home' },
    'ɵentryName': 'src/app/home/home.module.ts'
  },
  type: 9
}
[ROUTER SERVER EVENT] RouteConfigLoadEnd {
  route: {
    component: [class _LayoutComponent] {
      'ɵfac': [Function: LayoutComponent_Factory],
      'ɵcmp': [Object],
      decorators: [Array],
      ctorParameters: [Function (anonymous)],
      __NG_ELEMENT_ID__: 3
    },
    path: '',
    loadChildren: [Function: loadChildren],
    data: { breadcrumb: 'Home' },
    'ɵentryName': 'src/app/home/home.module.ts'
  },
  type: 10
}
[ROUTER SERVER EVENT] RoutesRecognized {
  id: 1,
  url: '/',
  urlAfterRedirects: '/',
  state: RouterStateSnapshot {
    _root: TreeNode { value: [ActivatedRouteSnapshot], children: [Array] },
    url: '/'
  },
  type: 4
}
[ROUTER SERVER] url: /
[ROUTER SERVER] urlAfterRedirects: /
[ROUTER SERVER EVENT] GuardsCheckStart {
  id: 1,
  url: '/',
  urlAfterRedirects: '/',
  state: RouterStateSnapshot {
    _root: TreeNode { value: [ActivatedRouteSnapshot], children: [Array] },
    url: '/'
  },
  type: 7
}
[ROUTER SERVER] url: /
[ROUTER SERVER] urlAfterRedirects: /
[ROUTER SERVER EVENT] ChildActivationStart {
  snapshot: ActivatedRouteSnapshot {
    url: [],
    params: {},
    queryParams: {},
    fragment: null,
    data: {},
    outlet: 'primary',
    component: null,
    routeConfig: null,
    _resolve: {},
    _resolvedData: undefined,
    _routerState: RouterStateSnapshot { _root: [TreeNode], url: '/' },
    _paramMap: undefined,
    _queryParamMap: undefined,
    _environmentInjector: R3Injector {
      parent: [R3Injector],
      source: 'Environment Injector',
      scopes: [Set],
      records: [Map],
      _ngOnDestroyHooks: [Set],
      _onDestroyHooks: [Array],
      _destroyed: false,
      injectorDefTypes: Set(0) {}
    }
  },
  type: 11
}
[ROUTER SERVER EVENT] ActivationStart {
  snapshot: ActivatedRouteSnapshot {
    url: [],
    params: {},
    queryParams: {},
    fragment: null,
    data: { breadcrumb: 'Home' },
    outlet: 'primary',
    component: [class _LayoutComponent] {
      'ɵfac': [Function: LayoutComponent_Factory],
      'ɵcmp': [Object],
      decorators: [Array],
      ctorParameters: [Function (anonymous)],
      __NG_ELEMENT_ID__: 3
    },
    routeConfig: {
      component: [Function],
      path: '',
      loadChildren: [Function: loadChildren],
      data: [Object],
      'ɵentryName': 'src/app/home/home.module.ts',
      _loadedRoutes: [Array],
      _loadedInjector: [R3Injector],
      _loadedNgModuleFactory: [NgModuleFactory2]
    },
    _resolve: {},
    _resolvedData: undefined,
    _routerState: RouterStateSnapshot { _root: [TreeNode], url: '/' },
    _paramMap: undefined,
    _queryParamMap: undefined,
    _environmentInjector: R3Injector {
      parent: [R3Injector],
      source: 'Environment Injector',
      scopes: [Set],
      records: [Map],
      _ngOnDestroyHooks: [Set],
      _onDestroyHooks: [Array],
      _destroyed: false,
      injectorDefTypes: Set(0) {}
    }
  },
  type: 13
}
[ROUTER SERVER EVENT] ChildActivationStart {
  snapshot: ActivatedRouteSnapshot {
    url: [],
    params: {},
    queryParams: {},
    fragment: null,
    data: { breadcrumb: 'Home' },
    outlet: 'primary',
    component: [class _LayoutComponent] {
      'ɵfac': [Function: LayoutComponent_Factory],
      'ɵcmp': [Object],
      decorators: [Array],
      ctorParameters: [Function (anonymous)],
      __NG_ELEMENT_ID__: 3
    },
    routeConfig: {
      component: [Function],
      path: '',
      loadChildren: [Function: loadChildren],
      data: [Object],
      'ɵentryName': 'src/app/home/home.module.ts',
      _loadedRoutes: [Array],
      _loadedInjector: [R3Injector],
      _loadedNgModuleFactory: [NgModuleFactory2]
    },
    _resolve: {},
    _resolvedData: undefined,
    _routerState: RouterStateSnapshot { _root: [TreeNode], url: '/' },
    _paramMap: undefined,
    _queryParamMap: undefined,
    _environmentInjector: R3Injector {
      parent: [R3Injector],
      source: 'Environment Injector',
      scopes: [Set],
      records: [Map],
      _ngOnDestroyHooks: [Set],
      _onDestroyHooks: [Array],
      _destroyed: false,
      injectorDefTypes: Set(0) {}
    }
  },
  type: 11
}
[ROUTER SERVER EVENT] ActivationStart {
  snapshot: ActivatedRouteSnapshot {
    url: [],
    params: {},
    queryParams: {},
    fragment: null,
    data: { breadcrumb: 'Home' },
    outlet: 'primary',
    component: [class _HomeComponent] {
      'ɵfac': [Function: HomeComponent_Factory],
      'ɵcmp': [Object],
      decorators: [Array],
      ctorParameters: [Function (anonymous)],
      __NG_ELEMENT_ID__: 7
    },
    routeConfig: { path: '', component: [Function] },
    _resolve: {},
    _resolvedData: undefined,
    _routerState: RouterStateSnapshot { _root: [TreeNode], url: '/' },
    _paramMap: undefined,
    _queryParamMap: undefined,
    _environmentInjector: R3Injector {
      parent: [R3Injector],
      source: '_HomeModule',
      scopes: [Set],
      records: [Map],
      _ngOnDestroyHooks: Set(0) {},
      _onDestroyHooks: [],
      _destroyed: false,
      injectorDefTypes: [Set]
    }
  },
  type: 13
}
[ROUTER SERVER EVENT] GuardsCheckEnd {
  id: 1,
  url: '/',
  urlAfterRedirects: '/',
  state: RouterStateSnapshot {
    _root: TreeNode { value: [ActivatedRouteSnapshot], children: [Array] },
    url: '/'
  },
  shouldActivate: true,
  type: 8
}
[ROUTER SERVER] url: /
[ROUTER SERVER] urlAfterRedirects: /
[ROUTER SERVER EVENT] ResolveStart {
  id: 1,
  url: '/',
  urlAfterRedirects: '/',
  state: RouterStateSnapshot {
    _root: TreeNode { value: [ActivatedRouteSnapshot], children: [Array] },
    url: '/'
  },
  type: 5
}
[ROUTER SERVER] url: /
[ROUTER SERVER] urlAfterRedirects: /
[ROUTER SERVER EVENT] ResolveEnd {
  id: 1,
  url: '/',
  urlAfterRedirects: '/',
  state: RouterStateSnapshot {
    _root: TreeNode { value: [ActivatedRouteSnapshot], children: [Array] },
    url: '/'
  },
  type: 6
}
[ROUTER SERVER] url: /
[ROUTER SERVER] urlAfterRedirects: /
[ROUTER SERVER EVENT] ActivationEnd {
  snapshot: ActivatedRouteSnapshot {
    url: [],
    params: {},
    queryParams: {},
    fragment: null,
    data: { breadcrumb: 'Home' },
    outlet: 'primary',
    component: [class _HomeComponent] {
      'ɵfac': [Function: HomeComponent_Factory],
      'ɵcmp': [Object],
      decorators: [Array],
      ctorParameters: [Function (anonymous)],
      __NG_ELEMENT_ID__: 7
    },
    routeConfig: { path: '', component: [Function] },
    _resolve: {},
    _resolvedData: {},
    _routerState: RouterStateSnapshot { _root: [TreeNode], url: '/' },
    _paramMap: undefined,
    _queryParamMap: undefined,
    _environmentInjector: R3Injector {
      parent: [R3Injector],
      source: '_HomeModule',
      scopes: [Set],
      records: [Map],
      _ngOnDestroyHooks: Set(0) {},
      _onDestroyHooks: [],
      _destroyed: false,
      injectorDefTypes: [Set]
    }
  },
  type: 14
}
[ROUTER SERVER EVENT] ChildActivationEnd {
  snapshot: ActivatedRouteSnapshot {
    url: [],
    params: {},
    queryParams: {},
    fragment: null,
    data: { breadcrumb: 'Home' },
    outlet: 'primary',
    component: [class _LayoutComponent] {
      'ɵfac': [Function: LayoutComponent_Factory],
      'ɵcmp': [Object],
      decorators: [Array],
      ctorParameters: [Function (anonymous)],
      __NG_ELEMENT_ID__: 3
    },
    routeConfig: {
      component: [Function],
      path: '',
      loadChildren: [Function: loadChildren],
      data: [Object],
      'ɵentryName': 'src/app/home/home.module.ts',
      _loadedRoutes: [Array],
      _loadedInjector: [R3Injector],
      _loadedNgModuleFactory: [NgModuleFactory2]
    },
    _resolve: {},
    _resolvedData: {},
    _routerState: RouterStateSnapshot { _root: [TreeNode], url: '/' },
    _paramMap: undefined,
    _queryParamMap: undefined,
    _environmentInjector: R3Injector {
      parent: [R3Injector],
      source: 'Environment Injector',
      scopes: [Set],
      records: [Map],
      _ngOnDestroyHooks: [Set],
      _onDestroyHooks: [Array],
      _destroyed: false,
      injectorDefTypes: Set(0) {}
    }
  },
  type: 12
}
[ROUTER SERVER EVENT] ActivationEnd {
  snapshot: ActivatedRouteSnapshot {
    url: [],
    params: {},
    queryParams: {},
    fragment: null,
    data: { breadcrumb: 'Home' },
    outlet: 'primary',
    component: [class _LayoutComponent] {
      'ɵfac': [Function: LayoutComponent_Factory],
      'ɵcmp': [Object],
      decorators: [Array],
      ctorParameters: [Function (anonymous)],
      __NG_ELEMENT_ID__: 3
    },
    routeConfig: {
      component: [Function],
      path: '',
      loadChildren: [Function: loadChildren],
      data: [Object],
      'ɵentryName': 'src/app/home/home.module.ts',
      _loadedRoutes: [Array],
      _loadedInjector: [R3Injector],
      _loadedNgModuleFactory: [NgModuleFactory2]
    },
    _resolve: {},
    _resolvedData: {},
    _routerState: RouterStateSnapshot { _root: [TreeNode], url: '/' },
    _paramMap: undefined,
    _queryParamMap: undefined,
    _environmentInjector: R3Injector {
      parent: [R3Injector],
      source: 'Environment Injector',
      scopes: [Set],
      records: [Map],
      _ngOnDestroyHooks: [Set],
      _onDestroyHooks: [Array],
      _destroyed: false,
      injectorDefTypes: Set(0) {}
    }
  },
  type: 14
}
[ROUTER SERVER EVENT] ChildActivationEnd {
  snapshot: ActivatedRouteSnapshot {
    url: [],
    params: {},
    queryParams: {},
    fragment: null,
    data: {},
    outlet: 'primary',
    component: null,
    routeConfig: null,
    _resolve: {},
    _resolvedData: undefined,
    _routerState: RouterStateSnapshot { _root: [TreeNode], url: '/' },
    _paramMap: undefined,
    _queryParamMap: undefined,
    _environmentInjector: R3Injector {
      parent: [R3Injector],
      source: 'Environment Injector',
      scopes: [Set],
      records: [Map],
      _ngOnDestroyHooks: [Set],
      _onDestroyHooks: [Array],
      _destroyed: false,
      injectorDefTypes: Set(0) {}
    }
  },
  type: 12
}
[ROUTER SERVER EVENT] NavigationEnd { id: 1, url: '/', urlAfterRedirects: '/', type: 1 }
[ROUTER SERVER] url: /
[ROUTER SERVER] urlAfterRedirects: /
[ROUTER SERVER EVENT] Scroll {
  routerEvent: NavigationEnd { id: 1, url: '/', urlAfterRedirects: '/', type: 1 },
  position: null,
  anchor: null,
  scrollBehavior: undefined,
  type: 15
}
request /account/userinfo [Function: status]
request / [Function: status]
[ROUTER SERVER EVENT] NavigationStart {
  id: 1,
  url: '/',
  type: 0,
  navigationTrigger: 'imperative',
  restoredState: null
}
[ROUTER SERVER] NavigationStart trigger: imperative restoredState: null
[ROUTER SERVER] url: /
[ROUTER SERVER EVENT] RouteConfigLoadStart {
  route: {
    component: [class _LayoutComponent] {
      'ɵfac': [Function: LayoutComponent_Factory],
      'ɵcmp': [Object],
      decorators: [Array],
      ctorParameters: [Function (anonymous)],
      __NG_ELEMENT_ID__: 3
    },
    path: '',
    loadChildren: [Function: loadChildren],
    data: { breadcrumb: 'Home' },
    'ɵentryName': 'src/app/home/home.module.ts'
  },
  type: 9
}
[ROUTER SERVER EVENT] RouteConfigLoadEnd {
  route: {
    component: [class _LayoutComponent] {
      'ɵfac': [Function: LayoutComponent_Factory],
      'ɵcmp': [Object],
      decorators: [Array],
      ctorParameters: [Function (anonymous)],
      __NG_ELEMENT_ID__: 3
    },
    path: '',
    loadChildren: [Function: loadChildren],
    data: { breadcrumb: 'Home' },
    'ɵentryName': 'src/app/home/home.module.ts'
  },
  type: 10
}
[ROUTER SERVER EVENT] RoutesRecognized {
  id: 1,
  url: '/',
  urlAfterRedirects: '/',
  state: RouterStateSnapshot {
    _root: TreeNode { value: [ActivatedRouteSnapshot], children: [Array] },
    url: '/'
  },
  type: 4
}
[ROUTER SERVER] url: /
[ROUTER SERVER] urlAfterRedirects: /
[ROUTER SERVER EVENT] GuardsCheckStart {
  id: 1,
  url: '/',
  urlAfterRedirects: '/',
  state: RouterStateSnapshot {
    _root: TreeNode { value: [ActivatedRouteSnapshot], children: [Array] },
    url: '/'
  },
  type: 7
}
[ROUTER SERVER] url: /
[ROUTER SERVER] urlAfterRedirects: /
[ROUTER SERVER EVENT] ChildActivationStart {
  snapshot: ActivatedRouteSnapshot {
    url: [],
    params: {},
    queryParams: {},
    fragment: null,
    data: {},
    outlet: 'primary',
    component: null,
    routeConfig: null,
    _resolve: {},
    _resolvedData: undefined,
    _routerState: RouterStateSnapshot { _root: [TreeNode], url: '/' },
    _paramMap: undefined,
    _queryParamMap: undefined,
    _environmentInjector: R3Injector {
      parent: [R3Injector],
      source: 'Environment Injector',
      scopes: [Set],
      records: [Map],
      _ngOnDestroyHooks: [Set],
      _onDestroyHooks: [Array],
      _destroyed: false,
      injectorDefTypes: Set(0) {}
    }
  },
  type: 11
}
[ROUTER SERVER EVENT] ActivationStart {
  snapshot: ActivatedRouteSnapshot {
    url: [],
    params: {},
    queryParams: {},
    fragment: null,
    data: { breadcrumb: 'Home' },
    outlet: 'primary',
    component: [class _LayoutComponent] {
      'ɵfac': [Function: LayoutComponent_Factory],
      'ɵcmp': [Object],
      decorators: [Array],
      ctorParameters: [Function (anonymous)],
      __NG_ELEMENT_ID__: 3
    },
    routeConfig: {
      component: [Function],
      path: '',
      loadChildren: [Function: loadChildren],
      data: [Object],
      'ɵentryName': 'src/app/home/home.module.ts',
      _loadedRoutes: [Array],
      _loadedInjector: [R3Injector],
      _loadedNgModuleFactory: [NgModuleFactory2]
    },
    _resolve: {},
    _resolvedData: undefined,
    _routerState: RouterStateSnapshot { _root: [TreeNode], url: '/' },
    _paramMap: undefined,
    _queryParamMap: undefined,
    _environmentInjector: R3Injector {
      parent: [R3Injector],
      source: 'Environment Injector',
      scopes: [Set],
      records: [Map],
      _ngOnDestroyHooks: [Set],
      _onDestroyHooks: [Array],
      _destroyed: false,
      injectorDefTypes: Set(0) {}
    }
  },
  type: 13
}
[ROUTER SERVER EVENT] ChildActivationStart {
  snapshot: ActivatedRouteSnapshot {
    url: [],
    params: {},
    queryParams: {},
    fragment: null,
    data: { breadcrumb: 'Home' },
    outlet: 'primary',
    component: [class _LayoutComponent] {
      'ɵfac': [Function: LayoutComponent_Factory],
      'ɵcmp': [Object],
      decorators: [Array],
      ctorParameters: [Function (anonymous)],
      __NG_ELEMENT_ID__: 3
    },
    routeConfig: {
      component: [Function],
      path: '',
      loadChildren: [Function: loadChildren],
      data: [Object],
      'ɵentryName': 'src/app/home/home.module.ts',
      _loadedRoutes: [Array],
      _loadedInjector: [R3Injector],
      _loadedNgModuleFactory: [NgModuleFactory2]
    },
    _resolve: {},
    _resolvedData: undefined,
    _routerState: RouterStateSnapshot { _root: [TreeNode], url: '/' },
    _paramMap: undefined,
    _queryParamMap: undefined,
    _environmentInjector: R3Injector {
      parent: [R3Injector],
      source: 'Environment Injector',
      scopes: [Set],
      records: [Map],
      _ngOnDestroyHooks: [Set],
      _onDestroyHooks: [Array],
      _destroyed: false,
      injectorDefTypes: Set(0) {}
    }
  },
  type: 11
}
[ROUTER SERVER EVENT] ActivationStart {
  snapshot: ActivatedRouteSnapshot {
    url: [],
    params: {},
    queryParams: {},
    fragment: null,
    data: { breadcrumb: 'Home' },
    outlet: 'primary',
    component: [class _HomeComponent] {
      'ɵfac': [Function: HomeComponent_Factory],
      'ɵcmp': [Object],
      decorators: [Array],
      ctorParameters: [Function (anonymous)],
      __NG_ELEMENT_ID__: 7
    },
    routeConfig: { path: '', component: [Function] },
    _resolve: {},
    _resolvedData: undefined,
    _routerState: RouterStateSnapshot { _root: [TreeNode], url: '/' },
    _paramMap: undefined,
    _queryParamMap: undefined,
    _environmentInjector: R3Injector {
      parent: [R3Injector],
      source: '_HomeModule',
      scopes: [Set],
      records: [Map],
      _ngOnDestroyHooks: Set(0) {},
      _onDestroyHooks: [],
      _destroyed: false,
      injectorDefTypes: [Set]
    }
  },
  type: 13
}
[ROUTER SERVER EVENT] GuardsCheckEnd {
  id: 1,
  url: '/',
  urlAfterRedirects: '/',
  state: RouterStateSnapshot {
    _root: TreeNode { value: [ActivatedRouteSnapshot], children: [Array] },
    url: '/'
  },
  shouldActivate: true,
  type: 8
}
[ROUTER SERVER] url: /
[ROUTER SERVER] urlAfterRedirects: /
[ROUTER SERVER EVENT] ResolveStart {
  id: 1,
  url: '/',
  urlAfterRedirects: '/',
  state: RouterStateSnapshot {
    _root: TreeNode { value: [ActivatedRouteSnapshot], children: [Array] },
    url: '/'
  },
  type: 5
}
[ROUTER SERVER] url: /
[ROUTER SERVER] urlAfterRedirects: /
[ROUTER SERVER EVENT] ResolveEnd {
  id: 1,
  url: '/',
  urlAfterRedirects: '/',
  state: RouterStateSnapshot {
    _root: TreeNode { value: [ActivatedRouteSnapshot], children: [Array] },
    url: '/'
  },
  type: 6
}
[ROUTER SERVER] url: /
[ROUTER SERVER] urlAfterRedirects: /
[ROUTER SERVER EVENT] ActivationEnd {
  snapshot: ActivatedRouteSnapshot {
    url: [],
    params: {},
    queryParams: {},
    fragment: null,
    data: { breadcrumb: 'Home' },
    outlet: 'primary',
    component: [class _HomeComponent] {
      'ɵfac': [Function: HomeComponent_Factory],
      'ɵcmp': [Object],
      decorators: [Array],
      ctorParameters: [Function (anonymous)],
      __NG_ELEMENT_ID__: 7
    },
    routeConfig: { path: '', component: [Function] },
    _resolve: {},
    _resolvedData: {},
    _routerState: RouterStateSnapshot { _root: [TreeNode], url: '/' },
    _paramMap: undefined,
    _queryParamMap: undefined,
    _environmentInjector: R3Injector {
      parent: [R3Injector],
      source: '_HomeModule',
      scopes: [Set],
      records: [Map],
      _ngOnDestroyHooks: Set(0) {},
      _onDestroyHooks: [],
      _destroyed: false,
      injectorDefTypes: [Set]
    }
  },
  type: 14
}
[ROUTER SERVER EVENT] ChildActivationEnd {
  snapshot: ActivatedRouteSnapshot {
    url: [],
    params: {},
    queryParams: {},
    fragment: null,
    data: { breadcrumb: 'Home' },
    outlet: 'primary',
    component: [class _LayoutComponent] {
      'ɵfac': [Function: LayoutComponent_Factory],
      'ɵcmp': [Object],
      decorators: [Array],
      ctorParameters: [Function (anonymous)],
      __NG_ELEMENT_ID__: 3
    },
    routeConfig: {
      component: [Function],
      path: '',
      loadChildren: [Function: loadChildren],
      data: [Object],
      'ɵentryName': 'src/app/home/home.module.ts',
      _loadedRoutes: [Array],
      _loadedInjector: [R3Injector],
      _loadedNgModuleFactory: [NgModuleFactory2]
    },
    _resolve: {},
    _resolvedData: {},
    _routerState: RouterStateSnapshot { _root: [TreeNode], url: '/' },
    _paramMap: undefined,
    _queryParamMap: undefined,
    _environmentInjector: R3Injector {
      parent: [R3Injector],
      source: 'Environment Injector',
      scopes: [Set],
      records: [Map],
      _ngOnDestroyHooks: [Set],
      _onDestroyHooks: [Array],
      _destroyed: false,
      injectorDefTypes: Set(0) {}
    }
  },
  type: 12
}
[ROUTER SERVER EVENT] ActivationEnd {
  snapshot: ActivatedRouteSnapshot {
    url: [],
    params: {},
    queryParams: {},
    fragment: null,
    data: { breadcrumb: 'Home' },
    outlet: 'primary',
    component: [class _LayoutComponent] {
      'ɵfac': [Function: LayoutComponent_Factory],
      'ɵcmp': [Object],
      decorators: [Array],
      ctorParameters: [Function (anonymous)],
      __NG_ELEMENT_ID__: 3
    },
    routeConfig: {
      component: [Function],
      path: '',
      loadChildren: [Function: loadChildren],
      data: [Object],
      'ɵentryName': 'src/app/home/home.module.ts',
      _loadedRoutes: [Array],
      _loadedInjector: [R3Injector],
      _loadedNgModuleFactory: [NgModuleFactory2]
    },
    _resolve: {},
    _resolvedData: {},
    _routerState: RouterStateSnapshot { _root: [TreeNode], url: '/' },
    _paramMap: undefined,
    _queryParamMap: undefined,
    _environmentInjector: R3Injector {
      parent: [R3Injector],
      source: 'Environment Injector',
      scopes: [Set],
      records: [Map],
      _ngOnDestroyHooks: [Set],
      _onDestroyHooks: [Array],
      _destroyed: false,
      injectorDefTypes: Set(0) {}
    }
  },
  type: 14
}
[ROUTER SERVER EVENT] ChildActivationEnd {
  snapshot: ActivatedRouteSnapshot {
    url: [],
    params: {},
    queryParams: {},
    fragment: null,
    data: {},
    outlet: 'primary',
    component: null,
    routeConfig: null,
    _resolve: {},
    _resolvedData: undefined,
    _routerState: RouterStateSnapshot { _root: [TreeNode], url: '/' },
    _paramMap: undefined,
    _queryParamMap: undefined,
    _environmentInjector: R3Injector {
      parent: [R3Injector],
      source: 'Environment Injector',
      scopes: [Set],
      records: [Map],
      _ngOnDestroyHooks: [Set],
      _onDestroyHooks: [Array],
      _destroyed: false,
      injectorDefTypes: Set(0) {}
    }
  },
  type: 12
}
[ROUTER SERVER EVENT] NavigationEnd { id: 1, url: '/', urlAfterRedirects: '/', type: 1 }
[ROUTER SERVER] url: /
[ROUTER SERVER] urlAfterRedirects: /
[ROUTER SERVER EVENT] Scroll {
  routerEvent: NavigationEnd { id: 1, url: '/', urlAfterRedirects: '/', type: 1 },
  position: null,
  anchor: null,
  scrollBehavior: undefined,
  type: 15
}
